INFO:     Will watch for changes in these directories: ['D:\\autoSage\\backend']
INFO:     Uvicorn running on http://127.0.0.1:8000 (Press CTRL+C to quit)
INFO:     Started reloader process [2348] using WatchFiles
Process SpawnProcess-1:
Traceback (most recent call last):
  File "C:\Users\abhin\AppData\Local\Programs\Python\Python311\Lib\multiprocessing\process.py", line 314, in _bootstrap
    self.run()
  File "C:\Users\abhin\AppData\Local\Programs\Python\Python311\Lib\multiprocessing\process.py", line 108, in run
    self._target(*self._args, **self._kwargs)
  File "D:\autoSage\backend\venv\Lib\site-packages\uvicorn\_subprocess.py", line 80, in subprocess_started
    target(sockets=sockets)
  File "D:\autoSage\backend\venv\Lib\site-packages\uvicorn\server.py", line 86, in run
    return asyncio_run(self.serve(sockets=sockets), loop_factory=self.config.get_loop_factory())
           ^^^^^^^^^^^^^^^^^^^^^^^^^^^^^^^^^^^^^^^^^^^^^^^^^^^^^^^^^^^^^^^^^^^^^^^^^^^^^^^^^^^^^
  File "D:\autoSage\backend\venv\Lib\site-packages\uvicorn\_compat.py", line 30, in asyncio_run
    return runner.run(main)
           ^^^^^^^^^^^^^^^^
  File "C:\Users\abhin\AppData\Local\Programs\Python\Python311\Lib\asyncio\runners.py", line 118, in run
    return self._loop.run_until_complete(task)
           ^^^^^^^^^^^^^^^^^^^^^^^^^^^^^^^^^^^
  File "C:\Users\abhin\AppData\Local\Programs\Python\Python311\Lib\asyncio\base_events.py", line 654, in run_until_complete
    return future.result()
           ^^^^^^^^^^^^^^^
  File "D:\autoSage\backend\venv\Lib\site-packages\uvicorn\server.py", line 90, in serve
    await self._serve(sockets)
  File "D:\autoSage\backend\venv\Lib\site-packages\uvicorn\server.py", line 97, in _serve
    config.load()
  File "D:\autoSage\backend\venv\Lib\site-packages\uvicorn\config.py", line 511, in load
    self.loaded_app = self.load_app()
                      ^^^^^^^^^^^^^^^
  File "D:\autoSage\backend\venv\Lib\site-packages\uvicorn\config.py", line 434, in load_app
    return import_from_string(self.app)
           ^^^^^^^^^^^^^^^^^^^^^^^^^^^^
  File "D:\autoSage\backend\venv\Lib\site-packages\uvicorn\importer.py", line 22, in import_from_string
    raise exc from None
  File "D:\autoSage\backend\venv\Lib\site-packages\uvicorn\importer.py", line 19, in import_from_string
    module = importlib.import_module(module_str)
             ^^^^^^^^^^^^^^^^^^^^^^^^^^^^^^^^^^^
  File "C:\Users\abhin\AppData\Local\Programs\Python\Python311\Lib\importlib\__init__.py", line 126, in import_module
    return _bootstrap._gcd_import(name[level:], package, level)
           ^^^^^^^^^^^^^^^^^^^^^^^^^^^^^^^^^^^^^^^^^^^^^^^^^^^^
  File "<frozen importlib._bootstrap>", line 1204, in _gcd_import
  File "<frozen importlib._bootstrap>", line 1176, in _find_and_load
  File "<frozen importlib._bootstrap>", line 1147, in _find_and_load_unlocked
  File "<frozen importlib._bootstrap>", line 690, in _load_unlocked
  File "<frozen importlib._bootstrap_external>", line 940, in exec_module
  File "<frozen importlib._bootstrap>", line 241, in _call_with_frames_removed
  File "D:\autoSage\backend\app\main.py", line 10, in <module>
    from app.api.v1.router import api_router
  File "D:\autoSage\backend\app\api\v1\router.py", line 3, in <module>
    from app.api.v1.endpoints import (
  File "D:\autoSage\backend\app\api\v1\endpoints\storage.py", line 23, in <module>
    from app.engine.storage.service import (
  File "D:\autoSage\backend\app\engine\storage\__init__.py", line 2, in <module>
    from app.engine.storage.client import (
  File "D:\autoSage\backend\app\engine\storage\client.py", line 16, in <module>
    from supabase import create_client, Client
ModuleNotFoundError: No module named 'supabase'
